2026-05-27 11:26:09 -04:00: Welcome to Uptime Kuma
2026-05-27 11:26:09 -04:00: Your Node.js version: 22.22.3
2026-05-27 11:26:09 -04:00: [36m2026-05-27T11:26:09-04:00[0m [[32mSERVER[0m] [36mINFO:[0m Env: production
2026-05-27 11:26:09 -04:00: [36m2026-05-27T11:26:09-04:00[0m [[32mSERVER[0m] [36mINFO:[0m Uptime Kuma Version: 2.3.2
2026-05-27 11:26:09 -04:00: [36m2026-05-27T11:26:09-04:00[0m [[32mSERVER[0m] [36mINFO:[0m Loading modules
2026-05-27 11:26:12 -04:00: [36m2026-05-27T11:26:12-04:00[0m [[32mSERVER[0m] [36mINFO:[0m Creating express and socket.io instance
2026-05-27 11:26:12 -04:00: [36m2026-05-27T11:26:12-04:00[0m [[32mSERVER[0m] [36mINFO:[0m Server Type: HTTP
2026-05-27 11:26:12 -04:00: [36m2026-05-27T11:26:12-04:00[0m [[32mSERVER[0m] [36mINFO:[0m Data Dir: /home/itsju/uptime-kuma/data
2026-05-27 11:26:12 -04:00: [36m2026-05-27T11:26:12-04:00[0m [[32mSETUP-DATABASE[0m] [36mINFO:[0m db-config.json is not found or invalid: ENOENT: no such file or directory, open '/home/itsju/uptime-kuma/data/db-config.json'
2026-05-27 11:26:12 -04:00: [36m2026-05-27T11:26:12-04:00[0m [[32mSETUP-DATABASE[0m] [36mINFO:[0m Starting Setup Database
2026-05-27 11:26:12 -04:00: [36m2026-05-27T11:26:12-04:00[0m [[32mSETUP-DATABASE[0m] [36mINFO:[0m Listening on:
2026-05-27 11:26:12 -04:00: [36m2026-05-27T11:26:12-04:00[0m [[32mSETUP-DATABASE[0m] [36mINFO:[0m -  http://localhost:3011
2026-05-27 11:26:12 -04:00: [36m2026-05-27T11:26:12-04:00[0m [[32mSETUP-DATABASE[0m] [36mINFO:[0m -  http://100.91.39.122:3011
2026-05-27 11:26:12 -04:00: [36m2026-05-27T11:26:12-04:00[0m [[32mSETUP-DATABASE[0m] [36mINFO:[0m -  http://172.17.78.231:3011
2026-05-27 11:26:12 -04:00: [36m2026-05-27T11:26:12-04:00[0m [[32mSETUP-DATABASE[0m] [36mINFO:[0m -  http://[fd7a:115c:a1e0::c39:277a]:3011
2026-05-27 11:26:12 -04:00: [36m2026-05-27T11:26:12-04:00[0m [[32mSETUP-DATABASE[0m] [36mINFO:[0m -  http://[fe80::215:5dff:fe62:4e28]:3011
2026-05-27 11:26:12 -04:00: [36m2026-05-27T11:26:12-04:00[0m [[32mSETUP-DATABASE[0m] [36mINFO:[0m -  http://[fe80::e07c:ed06:87:f635]:3011
2026-05-27 11:26:12 -04:00: [36m2026-05-27T11:26:12-04:00[0m [[32mSETUP-DATABASE[0m] [36mINFO:[0m Waiting for user action...
2026-05-27 11:31:39 -04:00: Request /setup-database-info
2026-05-27 11:33:16 -04:00: [36m2026-05-27T11:33:16-04:00[0m [[32mSETUP-DATABASE[0m] [36mINFO:[0m Database is configured, close the setup-database server and start the main server now.
2026-05-27 11:33:16 -04:00: [36m2026-05-27T11:33:16-04:00[0m [[32mSETUP-DATABASE[0m] [36mINFO:[0m The setup-database server is closed
2026-05-27 11:33:16 -04:00: [36m2026-05-27T11:33:16-04:00[0m [[38;5;117mDB[0m] [36mINFO:[0m Database Type: sqlite
2026-05-27 11:33:16 -04:00: [36m2026-05-27T11:33:16-04:00[0m [[32mSERVER[0m] [36mINFO:[0m Copying Database
2026-05-27 11:33:16 -04:00: [36m2026-05-27T11:33:16-04:00[0m [[38;5;117mDB[0m] [36mINFO:[0m Using single connection for SQLite
2026-05-27 11:33:17 -04:00: [36m2026-05-27T11:33:17-04:00[0m [[32mSERVER[0m] [36mINFO:[0m Connected to the database
2026-05-27 11:33:17 -04:00: [36m2026-05-27T11:33:17-04:00[0m [[38;5;117mDB[0m] [36mINFO:[0m Your database version: 0
2026-05-27 11:33:17 -04:00: [36m2026-05-27T11:33:17-04:00[0m [[38;5;117mDB[0m] [36mINFO:[0m Latest database version: 10
2026-05-27 11:33:17 -04:00: [36m2026-05-27T11:33:17-04:00[0m [[38;5;117mDB[0m] [36mINFO:[0m Database patch is needed
2026-05-27 11:33:17 -04:00: [36m2026-05-27T11:33:17-04:00[0m [[38;5;117mDB[0m] [36mINFO:[0m Patching ./db/old_migrations/patch1.sql
2026-05-27 11:33:17 -04:00: [36m2026-05-27T11:33:17-04:00[0m [[38;5;117mDB[0m] [36mINFO:[0m Patched ./db/old_migrations/patch1.sql
2026-05-27 11:33:17 -04:00: [36m2026-05-27T11:33:17-04:00[0m [[38;5;117mDB[0m] [36mINFO:[0m Patching ./db/old_migrations/patch2.sql
2026-05-27 11:33:17 -04:00: [36m2026-05-27T11:33:17-04:00[0m [[38;5;117mDB[0m] [36mINFO:[0m Patched ./db/old_migrations/patch2.sql
2026-05-27 11:33:17 -04:00: [36m2026-05-27T11:33:17-04:00[0m [[38;5;117mDB[0m] [36mINFO:[0m Patching ./db/old_migrations/patch3.sql
2026-05-27 11:33:17 -04:00: [36m2026-05-27T11:33:17-04:00[0m [[38;5;117mDB[0m] [36mINFO:[0m Patched ./db/old_migrations/patch3.sql
2026-05-27 11:33:17 -04:00: [36m2026-05-27T11:33:17-04:00[0m [[38;5;117mDB[0m] [36mINFO:[0m Patching ./db/old_migrations/patch4.sql
2026-05-27 11:33:17 -04:00: [36m2026-05-27T11:33:17-04:00[0m [[38;5;117mDB[0m] [36mINFO:[0m Patched ./db/old_migrations/patch4.sql
2026-05-27 11:33:17 -04:00: [36m2026-05-27T11:33:17-04:00[0m [[38;5;117mDB[0m] [36mINFO:[0m Patching ./db/old_migrations/patch5.sql
2026-05-27 11:33:17 -04:00: [36m2026-05-27T11:33:17-04:00[0m [[38;5;117mDB[0m] [36mINFO:[0m Patched ./db/old_migrations/patch5.sql
2026-05-27 11:33:17 -04:00: [36m2026-05-27T11:33:17-04:00[0m [[38;5;117mDB[0m] [36mINFO:[0m Patching ./db/old_migrations/patch6.sql
2026-05-27 11:33:17 -04:00: [36m2026-05-27T11:33:17-04:00[0m [[38;5;117mDB[0m] [36mINFO:[0m Patched ./db/old_migrations/patch6.sql
2026-05-27 11:33:17 -04:00: [36m2026-05-27T11:33:17-04:00[0m [[38;5;117mDB[0m] [36mINFO:[0m Patching ./db/old_migrations/patch7.sql
2026-05-27 11:33:17 -04:00: [36m2026-05-27T11:33:17-04:00[0m [[38;5;117mDB[0m] [36mINFO:[0m Patched ./db/old_migrations/patch7.sql
2026-05-27 11:33:17 -04:00: [36m2026-05-27T11:33:17-04:00[0m [[38;5;117mDB[0m] [36mINFO:[0m Patching ./db/old_migrations/patch8.sql
2026-05-27 11:33:17 -04:00: [36m2026-05-27T11:33:17-04:00[0m [[38;5;117mDB[0m] [36mINFO:[0m Patched ./db/old_migrations/patch8.sql
2026-05-27 11:33:17 -04:00: [36m2026-05-27T11:33:17-04:00[0m [[38;5;117mDB[0m] [36mINFO:[0m Patching ./db/old_migrations/patch9.sql
2026-05-27 11:33:17 -04:00: [36m2026-05-27T11:33:17-04:00[0m [[38;5;117mDB[0m] [36mINFO:[0m Patched ./db/old_migrations/patch9.sql
2026-05-27 11:33:17 -04:00: [36m2026-05-27T11:33:17-04:00[0m [[38;5;117mDB[0m] [36mINFO:[0m Patching ./db/old_migrations/patch10.sql
2026-05-27 11:33:18 -04:00: [36m2026-05-27T11:33:17-04:00[0m [[38;5;117mDB[0m] [36mINFO:[0m Patched ./db/old_migrations/patch10.sql
2026-05-27 11:33:18 -04:00: [36m2026-05-27T11:33:18-04:00[0m [[38;5;117mDB[0m] [36mINFO:[0m patch-setting-value-type.sql is not patched
2026-05-27 11:33:18 -04:00: [36m2026-05-27T11:33:18-04:00[0m [[38;5;117mDB[0m] [36mINFO:[0m patch-setting-value-type.sql is patching
2026-05-27 11:33:18 -04:00: [36m2026-05-27T11:33:18-04:00[0m [[38;5;117mDB[0m] [36mINFO:[0m patch-setting-value-type.sql was patched successfully
2026-05-27 11:33:18 -04:00: [36m2026-05-27T11:33:18-04:00[0m [[38;5;117mDB[0m] [36mINFO:[0m patch-improve-performance.sql is not patched
2026-05-27 11:33:18 -04:00: [36m2026-05-27T11:33:18-04:00[0m [[38;5;117mDB[0m] [36mINFO:[0m patch-improve-performance.sql is patching
2026-05-27 11:33:18 -04:00: [36m2026-05-27T11:33:18-04:00[0m [[38;5;117mDB[0m] [36mINFO:[0m patch-improve-performance.sql was patched successfully
2026-05-27 11:33:18 -04:00: [36m2026-05-27T11:33:18-04:00[0m [[38;5;117mDB[0m] [36mINFO:[0m patch-2fa.sql is not patched
2026-05-27 11:33:18 -04:00: [36m2026-05-27T11:33:18-04:00[0m [[38;5;117mDB[0m] [36mINFO:[0m patch-2fa.sql is patching
2026-05-27 11:33:18 -04:00: [36m2026-05-27T11:33:18-04:00[0m [[38;5;117mDB[0m] [36mINFO:[0m patch-2fa.sql was patched successfully
2026-05-27 11:33:18 -04:00: [36m2026-05-27T11:33:18-04:00[0m [[38;5;117mDB[0m] [36mINFO:[0m patch-add-retry-interval-monitor.sql is not patched
2026-05-27 11:33:18 -04:00: [36m2026-05-27T11:33:18-04:00[0m [[38;5;117mDB[0m] [36mINFO:[0m patch-add-retry-interval-monitor.sql is patching
2026-05-27 11:33:18 -04:00: [36m2026-05-27T11:33:18-04:00[0m [[38;5;117mDB[0m] [36mINFO:[0m patch-add-retry-interval-monitor.sql was patched successfully
2026-05-27 11:33:18 -04:00: [36m2026-05-27T11:33:18-04:00[0m [[38;5;117mDB[0m] [36mINFO:[0m patch-incident-table.sql is not patched
2026-05-27 11:33:18 -04:00: [36m2026-05-27T11:33:18-04:00[0m [[38;5;117mDB[0m] [36mINFO:[0m patch-incident-table.sql is patching
2026-05-27 11:33:18 -04:00: [36m2026-05-27T11:33:18-04:00[0m [[38;5;117mDB[0m] [36mINFO:[0m patch-incident-table.sql was patched successfully
2026-05-27 11:33:18 -04:00: [36m2026-05-27T11:33:18-04:00[0m [[38;5;117mDB[0m] [36mINFO:[0m patch-group-table.sql is not patched
2026-05-27 11:33:18 -04:00: [36m2026-05-27T11:33:18-04:00[0m [[38;5;117mDB[0m] [36mINFO:[0m patch-group-table.sql is patching
2026-05-27 11:33:18 -04:00: [36m2026-05-27T11:33:18-04:00[0m [[38;5;117mDB[0m] [36mINFO:[0m patch-group-table.sql was patched successfully
2026-05-27 11:33:18 -04:00: [36m2026-05-27T11:33:18-04:00[0m [[38;5;117mDB[0m] [36mINFO:[0m patch-monitor-push_token.sql is not patched
2026-05-27 11:33:18 -04:00: [36m2026-05-27T11:33:18-04:00[0m [[38;5;117mDB[0m] [36mINFO:[0m patch-monitor-push_token.sql is patching
2026-05-27 11:33:18 -04:00: [36m2026-05-27T11:33:18-04:00[0m [[38;5;117mDB[0m] [36mINFO:[0m patch-monitor-push_token.sql was patched successfully
2026-05-27 11:33:18 -04:00: [36m2026-05-27T11:33:18-04:00[0m [[38;5;117mDB[0m] [36mINFO:[0m patch-http-monitor-method-body-and-headers.sql is not patched
2026-05-27 11:33:18 -04:00: [36m2026-05-27T11:33:18-04:00[0m [[38;5;117mDB[0m] [36mINFO:[0m patch-http-monitor-method-body-and-headers.sql is patching
2026-05-27 11:33:18 -04:00: [36m2026-05-27T11:33:18-04:00[0m [[38;5;117mDB[0m] [36mINFO:[0m patch-http-monitor-method-body-and-headers.sql was patched successfully
2026-05-27 11:33:18 -04:00: [36m2026-05-27T11:33:18-04:00[0m [[38;5;117mDB[0m] [36mINFO:[0m patch-2fa-invalidate-used-token.sql is not patched
2026-05-27 11:33:18 -04:00: [36m2026-05-27T11:33:18-04:00[0m [[38;5;117mDB[0m] [36mINFO:[0m patch-2fa-invalidate-used-token.sql is patching
2026-05-27 11:33:18 -04:00: [36m2026-05-27T11:33:18-04:00[0m [[38;5;117mDB[0m] [36mINFO:[0m patch-2fa-invalidate-used-token.sql was patched successfully
2026-05-27 11:33:18 -04:00: [36m2026-05-27T11:33:18-04:00[0m [[38;5;117mDB[0m] [36mINFO:[0m patch-notification_sent_history.sql is not patched
2026-05-27 11:33:18 -04:00: [36m2026-05-27T11:33:18-04:00[0m [[38;5;117mDB[0m] [36mINFO:[0m patch-notification_sent_history.sql is patching
2026-05-27 11:33:18 -04:00: [36m2026-05-27T11:33:18-04:00[0m [[38;5;117mDB[0m] [36mINFO:[0m patch-notification_sent_history.sql was patched successfully
2026-05-27 11:33:18 -04:00: [36m2026-05-27T11:33:18-04:00[0m [[38;5;117mDB[0m] [36mINFO:[0m patch-monitor-basic-auth.sql is not patched
2026-05-27 11:33:18 -04:00: [36m2026-05-27T11:33:18-04:00[0m [[38;5;117mDB[0m] [36mINFO:[0m patch-monitor-basic-auth.sql is patching
2026-05-27 11:33:18 -04:00: [36m2026-05-27T11:33:18-04:00[0m [[38;5;117mDB[0m] [36mINFO:[0m patch-monitor-basic-auth.sql was patched successfully
2026-05-27 11:33:18 -04:00: [36m2026-05-27T11:33:18-04:00[0m [[38;5;117mDB[0m] [36mINFO:[0m patch-add-docker-columns.sql is not patched
2026-05-27 11:33:18 -04:00: [36m2026-05-27T11:33:18-04:00[0m [[38;5;117mDB[0m] [36mINFO:[0m patch-add-docker-columns.sql is patching
2026-05-27 11:33:18 -04:00: [36m2026-05-27T11:33:18-04:00[0m [[38;5;117mDB[0m] [36mINFO:[0m patch-add-docker-columns.sql was patched successfully
2026-05-27 11:33:18 -04:00: [36m2026-05-27T11:33:18-04:00[0m [[38;5;117mDB[0m] [36mINFO:[0m patch-status-page.sql is not patched
2026-05-27 11:33:18 -04:00: [36m2026-05-27T11:33:18-04:00[0m [[38;5;117mDB[0m] [36mINFO:[0m patch-status-page.sql is patching
2026-05-27 11:33:18 -04:00: [36m2026-05-27T11:33:18-04:00[0m [[38;5;117mDB[0m] [36mINFO:[0m patch-status-page.sql was patched successfully
2026-05-27 11:33:18 -04:00: [36m2026-05-27T11:33:18-04:00[0m [[38;5;117mDB[0m] [36mINFO:[0m patch-proxy.sql is not patched
2026-05-27 11:33:18 -04:00: [36m2026-05-27T11:33:18-04:00[0m [[38;5;117mDB[0m] [36mINFO:[0m patch-proxy.sql is patching
2026-05-27 11:33:18 -04:00: [36m2026-05-27T11:33:18-04:00[0m [[38;5;117mDB[0m] [36mINFO:[0m patch-proxy.sql was patched successfully
2026-05-27 11:33:18 -04:00: [36m2026-05-27T11:33:18-04:00[0m [[38;5;117mDB[0m] [36mINFO:[0m patch-monitor-expiry-notification.sql is not patched
2026-05-27 11:33:18 -04:00: [36m2026-05-27T11:33:18-04:00[0m [[38;5;117mDB[0m] [36mINFO:[0m patch-monitor-expiry-notification.sql is patching
2026-05-27 11:33:18 -04:00: [36m2026-05-27T11:33:18-04:00[0m [[38;5;117mDB[0m] [36mINFO:[0m patch-monitor-expiry-notification.sql was patched successfully
2026-05-27 11:33:18 -04:00: [36m2026-05-27T11:33:18-04:00[0m [[38;5;117mDB[0m] [36mINFO:[0m patch-status-page-footer-css.sql is not patched
2026-05-27 11:33:18 -04:00: [36m2026-05-27T11:33:18-04:00[0m [[38;5;117mDB[0m] [36mINFO:[0m patch-status-page-footer-css.sql is patching
2026-05-27 11:33:18 -04:00: [36m2026-05-27T11:33:18-04:00[0m [[38;5;117mDB[0m] [36mINFO:[0m patch-status-page-footer-css.sql was patched successfully
2026-05-27 11:33:18 -04:00: [36m2026-05-27T11:33:18-04:00[0m [[38;5;117mDB[0m] [36mINFO:[0m patch-added-mqtt-monitor.sql is not patched
2026-05-27 11:33:18 -04:00: [36m2026-05-27T11:33:18-04:00[0m [[38;5;117mDB[0m] [36mINFO:[0m patch-added-mqtt-monitor.sql is patching
2026-05-27 11:33:18 -04:00: [36m2026-05-27T11:33:18-04:00[0m [[38;5;117mDB[0m] [36mINFO:[0m patch-added-mqtt-monitor.sql was patched successfully
2026-05-27 11:33:18 -04:00: [36m2026-05-27T11:33:18-04:00[0m [[38;5;117mDB[0m] [36mINFO:[0m patch-add-clickable-status-page-link.sql is not patched
2026-05-27 11:33:18 -04:00: [36m2026-05-27T11:33:18-04:00[0m [[38;5;117mDB[0m] [36mINFO:[0m patch-add-clickable-status-page-link.sql is patching
2026-05-27 11:33:18 -04:00: [36m2026-05-27T11:33:18-04:00[0m [[38;5;117mDB[0m] [36mINFO:[0m patch-add-clickable-status-page-link.sql was patched successfully
2026-05-27 11:33:18 -04:00: [36m2026-05-27T11:33:18-04:00[0m [[38;5;117mDB[0m] [36mINFO:[0m patch-add-sqlserver-monitor.sql is not patched
2026-05-27 11:33:18 -04:00: [36m2026-05-27T11:33:18-04:00[0m [[38;5;117mDB[0m] [36mINFO:[0m patch-add-sqlserver-monitor.sql is patching
2026-05-27 11:33:18 -04:00: [36m2026-05-27T11:33:18-04:00[0m [[38;5;117mDB[0m] [36mINFO:[0m patch-add-sqlserver-monitor.sql was patched successfully
2026-05-27 11:33:18 -04:00: [36m2026-05-27T11:33:18-04:00[0m [[38;5;117mDB[0m] [36mINFO:[0m patch-add-other-auth.sql is not patched
2026-05-27 11:33:18 -04:00: [36m2026-05-27T11:33:18-04:00[0m [[38;5;117mDB[0m] [36mINFO:[0m patch-add-other-auth.sql need parents
2026-05-27 11:33:18 -04:00: [36m2026-05-27T11:33:18-04:00[0m [[38;5;117mDB[0m] [36mINFO:[0m patch-add-other-auth.sql is patching
2026-05-27 11:33:18 -04:00: [36m2026-05-27T11:33:18-04:00[0m [[38;5;117mDB[0m] [36mINFO:[0m patch-add-other-auth.sql was patched successfully
2026-05-27 11:33:18 -04:00: [36m2026-05-27T11:33:18-04:00[0m [[38;5;117mDB[0m] [36mINFO:[0m patch-grpc-monitor.sql is not patched
2026-05-27 11:33:18 -04:00: [36m2026-05-27T11:33:18-04:00[0m [[38;5;117mDB[0m] [36mINFO:[0m patch-grpc-monitor.sql is patching
2026-05-27 11:33:18 -04:00: [36m2026-05-27T11:33:18-04:00[0m [[38;5;117mDB[0m] [36mINFO:[0m patch-grpc-monitor.sql was patched successfully
2026-05-27 11:33:18 -04:00: [36m2026-05-27T11:33:18-04:00[0m [[38;5;117mDB[0m] [36mINFO:[0m patch-add-radius-monitor.sql is not patched
2026-05-27 11:33:18 -04:00: [36m2026-05-27T11:33:18-04:00[0m [[38;5;117mDB[0m] [36mINFO:[0m patch-add-radius-monitor.sql is patching
2026-05-27 11:33:18 -04:00: [36m2026-05-27T11:33:18-04:00[0m [[38;5;117mDB[0m] [36mINFO:[0m patch-add-radius-monitor.sql was patched successfully
2026-05-27 11:33:18 -04:00: [36m2026-05-27T11:33:18-04:00[0m [[38;5;117mDB[0m] [36mINFO:[0m patch-monitor-add-resend-interval.sql is not patched
2026-05-27 11:33:18 -04:00: [36m2026-05-27T11:33:18-04:00[0m [[38;5;117mDB[0m] [36mINFO:[0m patch-monitor-add-resend-interval.sql is patching
2026-05-27 11:33:18 -04:00: [36m2026-05-27T11:33:18-04:00[0m [[38;5;117mDB[0m] [36mINFO:[0m patch-monitor-add-resend-interval.sql was patched successfully
2026-05-27 11:33:18 -04:00: [36m2026-05-27T11:33:18-04:00[0m [[38;5;117mDB[0m] [36mINFO:[0m patch-ping-packet-size.sql is not patched
2026-05-27 11:33:18 -04:00: [36m2026-05-27T11:33:18-04:00[0m [[38;5;117mDB[0m] [36mINFO:[0m patch-ping-packet-size.sql is patching
2026-05-27 11:33:18 -04:00: [36m2026-05-27T11:33:18-04:00[0m [[38;5;117mDB[0m] [36mINFO:[0m patch-ping-packet-size.sql was patched successfully
2026-05-27 11:33:18 -04:00: [36m2026-05-27T11:33:18-04:00[0m [[38;5;117mDB[0m] [36mINFO:[0m patch-maintenance-table2.sql is not patched
2026-05-27 11:33:18 -04:00: [36m2026-05-27T11:33:18-04:00[0m [[38;5;117mDB[0m] [36mINFO:[0m patch-maintenance-table2.sql is patching
2026-05-27 11:33:18 -04:00: [36m2026-05-27T11:33:18-04:00[0m [[38;5;117mDB[0m] [36mINFO:[0m patch-maintenance-table2.sql was patched successfully
2026-05-27 11:33:18 -04:00: [36m2026-05-27T11:33:18-04:00[0m [[38;5;117mDB[0m] [36mINFO:[0m patch-add-gamedig-monitor.sql is not patched
2026-05-27 11:33:18 -04:00: [36m2026-05-27T11:33:18-04:00[0m [[38;5;117mDB[0m] [36mINFO:[0m patch-add-gamedig-monitor.sql is patching
2026-05-27 11:33:18 -04:00: [36m2026-05-27T11:33:18-04:00[0m [[38;5;117mDB[0m] [36mINFO:[0m patch-add-gamedig-monitor.sql was patched successfully
2026-05-27 11:33:18 -04:00: [36m2026-05-27T11:33:18-04:00[0m [[38;5;117mDB[0m] [36mINFO:[0m patch-add-google-analytics-status-page-tag.sql is not patched
2026-05-27 11:33:18 -04:00: [36m2026-05-27T11:33:18-04:00[0m [[38;5;117mDB[0m] [36mINFO:[0m patch-add-google-analytics-status-page-tag.sql is patching
2026-05-27 11:33:18 -04:00: [36m2026-05-27T11:33:18-04:00[0m [[38;5;117mDB[0m] [36mINFO:[0m patch-add-google-analytics-status-page-tag.sql was patched successfully
2026-05-27 11:33:18 -04:00: [36m2026-05-27T11:33:18-04:00[0m [[38;5;117mDB[0m] [36mINFO:[0m patch-http-body-encoding.sql is not patched
2026-05-27 11:33:18 -04:00: [36m2026-05-27T11:33:18-04:00[0m [[38;5;117mDB[0m] [36mINFO:[0m patch-http-body-encoding.sql is patching
2026-05-27 11:33:18 -04:00: [36m2026-05-27T11:33:18-04:00[0m [[38;5;117mDB[0m] [36mINFO:[0m patch-http-body-encoding.sql was patched successfully
2026-05-27 11:33:18 -04:00: [36m2026-05-27T11:33:18-04:00[0m [[38;5;117mDB[0m] [36mINFO:[0m patch-add-description-monitor.sql is not patched
2026-05-27 11:33:18 -04:00: [36m2026-05-27T11:33:18-04:00[0m [[38;5;117mDB[0m] [36mINFO:[0m patch-add-description-monitor.sql is patching
2026-05-27 11:33:18 -04:00: [36m2026-05-27T11:33:18-04:00[0m [[38;5;117mDB[0m] [36mINFO:[0m patch-add-description-monitor.sql was patched successfully
2026-05-27 11:33:18 -04:00: [36m2026-05-27T11:33:18-04:00[0m [[38;5;117mDB[0m] [36mINFO:[0m patch-api-key-table.sql is not patched
2026-05-27 11:33:18 -04:00: [36m2026-05-27T11:33:18-04:00[0m [[38;5;117mDB[0m] [36mINFO:[0m patch-api-key-table.sql is patching
2026-05-27 11:33:18 -04:00: [36m2026-05-27T11:33:18-04:00[0m [[38;5;117mDB[0m] [36mINFO:[0m patch-api-key-table.sql was patched successfully
2026-05-27 11:33:18 -04:00: [36m2026-05-27T11:33:18-04:00[0m [[38;5;117mDB[0m] [36mINFO:[0m patch-monitor-tls.sql is not patched
2026-05-27 11:33:18 -04:00: [36m2026-05-27T11:33:18-04:00[0m [[38;5;117mDB[0m] [36mINFO:[0m patch-monitor-tls.sql is patching
2026-05-27 11:33:18 -04:00: [36m2026-05-27T11:33:18-04:00[0m [[38;5;117mDB[0m] [36mINFO:[0m patch-monitor-tls.sql was patched successfully
2026-05-27 11:33:18 -04:00: [36m2026-05-27T11:33:18-04:00[0m [[38;5;117mDB[0m] [36mINFO:[0m patch-maintenance-cron.sql is not patched
2026-05-27 11:33:18 -04:00: [36m2026-05-27T11:33:18-04:00[0m [[38;5;117mDB[0m] [36mINFO:[0m patch-maintenance-cron.sql is patching
2026-05-27 11:33:18 -04:00: [36m2026-05-27T11:33:18-04:00[0m [[38;5;117mDB[0m] [36mINFO:[0m patch-maintenance-cron.sql was patched successfully
2026-05-27 11:33:18 -04:00: [36m2026-05-27T11:33:18-04:00[0m [[38;5;117mDB[0m] [36mINFO:[0m patch-add-parent-monitor.sql is not patched
2026-05-27 11:33:18 -04:00: [36m2026-05-27T11:33:18-04:00[0m [[38;5;117mDB[0m] [36mINFO:[0m patch-add-parent-monitor.sql is patching
2026-05-27 11:33:18 -04:00: [36m2026-05-27T11:33:18-04:00[0m [[38;5;117mDB[0m] [36mINFO:[0m patch-add-parent-monitor.sql was patched successfully
2026-05-27 11:33:18 -04:00: [36m2026-05-27T11:33:18-04:00[0m [[38;5;117mDB[0m] [36mINFO:[0m patch-add-invert-keyword.sql is not patched
2026-05-27 11:33:18 -04:00: [36m2026-05-27T11:33:18-04:00[0m [[38;5;117mDB[0m] [36mINFO:[0m patch-add-invert-keyword.sql is patching
2026-05-27 11:33:18 -04:00: [36m2026-05-27T11:33:18-04:00[0m [[38;5;117mDB[0m] [36mINFO:[0m patch-add-invert-keyword.sql was patched successfully
2026-05-27 11:33:18 -04:00: [36m2026-05-27T11:33:18-04:00[0m [[38;5;117mDB[0m] [36mINFO:[0m patch-added-json-query.sql is not patched
2026-05-27 11:33:18 -04:00: [36m2026-05-27T11:33:18-04:00[0m [[38;5;117mDB[0m] [36mINFO:[0m patch-added-json-query.sql is patching
2026-05-27 11:33:18 -04:00: [36m2026-05-27T11:33:18-04:00[0m [[38;5;117mDB[0m] [36mINFO:[0m patch-added-json-query.sql was patched successfully
2026-05-27 11:33:18 -04:00: [36m2026-05-27T11:33:18-04:00[0m [[38;5;117mDB[0m] [36mINFO:[0m patch-added-kafka-producer.sql is not patched
2026-05-27 11:33:18 -04:00: [36m2026-05-27T11:33:18-04:00[0m [[38;5;117mDB[0m] [36mINFO:[0m patch-added-kafka-producer.sql is patching
2026-05-27 11:33:18 -04:00: [36m2026-05-27T11:33:18-04:00[0m [[38;5;117mDB[0m] [36mINFO:[0m patch-added-kafka-producer.sql was patched successfully
2026-05-27 11:33:18 -04:00: [36m2026-05-27T11:33:18-04:00[0m [[38;5;117mDB[0m] [36mINFO:[0m patch-add-certificate-expiry-status-page.sql is not patched
2026-05-27 11:33:18 -04:00: [36m2026-05-27T11:33:18-04:00[0m [[38;5;117mDB[0m] [36mINFO:[0m patch-add-certificate-expiry-status-page.sql is patching
2026-05-27 11:33:18 -04:00: [36m2026-05-27T11:33:18-04:00[0m [[38;5;117mDB[0m] [36mINFO:[0m patch-add-certificate-expiry-status-page.sql was patched successfully
2026-05-27 11:33:18 -04:00: [36m2026-05-27T11:33:18-04:00[0m [[38;5;117mDB[0m] [36mINFO:[0m patch-monitor-oauth-cc.sql is not patched
2026-05-27 11:33:18 -04:00: [36m2026-05-27T11:33:18-04:00[0m [[38;5;117mDB[0m] [36mINFO:[0m patch-monitor-oauth-cc.sql is patching
2026-05-27 11:33:18 -04:00: [36m2026-05-27T11:33:18-04:00[0m [[38;5;117mDB[0m] [36mINFO:[0m patch-monitor-oauth-cc.sql was patched successfully
2026-05-27 11:33:18 -04:00: [36m2026-05-27T11:33:18-04:00[0m [[38;5;117mDB[0m] [36mINFO:[0m patch-add-timeout-monitor.sql is not patched
2026-05-27 11:33:18 -04:00: [36m2026-05-27T11:33:18-04:00[0m [[38;5;117mDB[0m] [36mINFO:[0m patch-add-timeout-monitor.sql is patching
2026-05-27 11:33:19 -04:00: [36m2026-05-27T11:33:19-04:00[0m [[38;5;117mDB[0m] [36mINFO:[0m patch-add-timeout-monitor.sql was patched successfully
2026-05-27 11:33:19 -04:00: [36m2026-05-27T11:33:19-04:00[0m [[38;5;117mDB[0m] [36mINFO:[0m patch-add-gamedig-given-port.sql is not patched
2026-05-27 11:33:19 -04:00: [36m2026-05-27T11:33:19-04:00[0m [[38;5;117mDB[0m] [36mINFO:[0m patch-add-gamedig-given-port.sql is patching
2026-05-27 11:33:19 -04:00: [36m2026-05-27T11:33:19-04:00[0m [[38;5;117mDB[0m] [36mINFO:[0m patch-add-gamedig-given-port.sql was patched successfully
2026-05-27 11:33:19 -04:00: [36m2026-05-27T11:33:19-04:00[0m [[38;5;117mDB[0m] [36mINFO:[0m patch-notification-config.sql is not patched
2026-05-27 11:33:19 -04:00: [36m2026-05-27T11:33:19-04:00[0m [[38;5;117mDB[0m] [36mINFO:[0m patch-notification-config.sql is patching
2026-05-27 11:33:19 -04:00: [36m2026-05-27T11:33:19-04:00[0m [[38;5;117mDB[0m] [36mINFO:[0m patch-notification-config.sql was patched successfully
2026-05-27 11:33:19 -04:00: [36m2026-05-27T11:33:19-04:00[0m [[38;5;117mDB[0m] [36mINFO:[0m patch-fix-kafka-producer-booleans.sql is not patched
2026-05-27 11:33:19 -04:00: [36m2026-05-27T11:33:19-04:00[0m [[38;5;117mDB[0m] [36mINFO:[0m patch-fix-kafka-producer-booleans.sql is patching
2026-05-27 11:33:19 -04:00: [36m2026-05-27T11:33:19-04:00[0m [[38;5;117mDB[0m] [36mINFO:[0m patch-fix-kafka-producer-booleans.sql was patched successfully
2026-05-27 11:33:19 -04:00: [36m2026-05-27T11:33:19-04:00[0m [[38;5;117mDB[0m] [36mINFO:[0m patch-timeout.sql is not patched
2026-05-27 11:33:19 -04:00: [36m2026-05-27T11:33:19-04:00[0m [[38;5;117mDB[0m] [36mINFO:[0m patch-timeout.sql is patching
2026-05-27 11:33:19 -04:00: [36m2026-05-27T11:33:19-04:00[0m [[38;5;117mDB[0m] [36mINFO:[0m patch-timeout.sql was patched successfully
2026-05-27 11:33:19 -04:00: [36m2026-05-27T11:33:19-04:00[0m [[38;5;117mDB[0m] [36mINFO:[0m patch-monitor-tls-info-add-fk.sql is not patched
2026-05-27 11:33:19 -04:00: [36m2026-05-27T11:33:19-04:00[0m [[38;5;117mDB[0m] [36mINFO:[0m patch-monitor-tls-info-add-fk.sql is patching
2026-05-27 11:33:19 -04:00: [36m2026-05-27T11:33:19-04:00[0m [[38;5;117mDB[0m] [36mINFO:[0m patch-monitor-tls-info-add-fk.sql was patched successfully
2026-05-27 11:33:19 -04:00: [36m2026-05-27T11:33:19-04:00[0m [[38;5;117mDB[0m] [36mINFO:[0m Database Patched Successfully
2026-05-27 11:33:20 -04:00: [36m2026-05-27T11:33:20-04:00[0m [[38;5;119mMIGRATION[0m] [36mINFO:[0m Listening on:
2026-05-27 11:33:20 -04:00: [36m2026-05-27T11:33:20-04:00[0m [[38;5;119mMIGRATION[0m] [36mINFO:[0m -  http://localhost:3011
2026-05-27 11:33:20 -04:00: [36m2026-05-27T11:33:20-04:00[0m [[38;5;119mMIGRATION[0m] [36mINFO:[0m -  http://100.91.39.122:3011
2026-05-27 11:33:20 -04:00: [36m2026-05-27T11:33:20-04:00[0m [[38;5;119mMIGRATION[0m] [36mINFO:[0m -  http://172.17.78.231:3011
2026-05-27 11:33:20 -04:00: [36m2026-05-27T11:33:20-04:00[0m [[38;5;119mMIGRATION[0m] [36mINFO:[0m -  http://[fd7a:115c:a1e0::c39:277a]:3011
2026-05-27 11:33:20 -04:00: [36m2026-05-27T11:33:20-04:00[0m [[38;5;119mMIGRATION[0m] [36mINFO:[0m -  http://[fe80::215:5dff:fe62:4e28]:3011
2026-05-27 11:33:20 -04:00: [36m2026-05-27T11:33:20-04:00[0m [[38;5;119mMIGRATION[0m] [36mINFO:[0m -  http://[fe80::e07c:ed06:87:f635]:3011
2026-05-27 11:33:20 -04:00: [36m2026-05-27T11:33:20-04:00[0m [[38;5;117mDB[0m] [36mINFO:[0m Migrating Aggregate Table
2026-05-27 11:33:20 -04:00: [36m2026-05-27T11:33:20-04:00[0m [[38;5;117mDB[0m] [36mINFO:[0m Getting list of unique monitors
2026-05-27 11:33:20 -04:00: [36m2026-05-27T11:33:20-04:00[0m [[38;5;117mDB[0m] [36mINFO:[0m Clearing non-important heartbeats
2026-05-27 11:33:20 -04:00: [36m2026-05-27T11:33:20-04:00[0m [[38;5;117mDB[0m] [36mINFO:[0m No data to migrate
2026-05-27 11:33:20 -04:00: [36m2026-05-27T11:33:20-04:00[0m [[32mSERVER[0m] [36mINFO:[0m JWT secret is not found, generate one.
2026-05-27 11:33:20 -04:00: [36m2026-05-27T11:33:20-04:00[0m [[32mSERVER[0m] [36mINFO:[0m Stored JWT secret into database
2026-05-27 11:33:20 -04:00: [36m2026-05-27T11:33:20-04:00[0m [[32mSERVER[0m] [36mINFO:[0m No user, need setup
2026-05-27 11:33:20 -04:00: [36m2026-05-27T11:33:20-04:00[0m [[32mSERVER[0m] [36mINFO:[0m Listening on:
2026-05-27 11:33:20 -04:00: [36m2026-05-27T11:33:20-04:00[0m [[32mSERVER[0m] [36mINFO:[0m -  http://localhost:3011
2026-05-27 11:33:20 -04:00: [36m2026-05-27T11:33:20-04:00[0m [[32mSERVER[0m] [36mINFO:[0m -  http://100.91.39.122:3011
2026-05-27 11:33:20 -04:00: [36m2026-05-27T11:33:20-04:00[0m [[32mSERVER[0m] [36mINFO:[0m -  http://172.17.78.231:3011
2026-05-27 11:33:20 -04:00: [36m2026-05-27T11:33:20-04:00[0m [[32mSERVER[0m] [36mINFO:[0m -  http://[fd7a:115c:a1e0::c39:277a]:3011
2026-05-27 11:33:20 -04:00: [36m2026-05-27T11:33:20-04:00[0m [[32mSERVER[0m] [36mINFO:[0m -  http://[fe80::215:5dff:fe62:4e28]:3011
2026-05-27 11:33:20 -04:00: [36m2026-05-27T11:33:20-04:00[0m [[32mSERVER[0m] [36mINFO:[0m -  http://[fe80::e07c:ed06:87:f635]:3011
2026-05-27 11:33:23 -04:00: [36m2026-05-27T11:33:23-04:00[0m [[38;5;141mSOCKET[0m] [36mINFO:[0m New polling connection, IP = 100.87.139.26
2026-05-27 11:33:23 -04:00: [36m2026-05-27T11:33:23-04:00[0m [[32mSERVER[0m] [36mINFO:[0m Redirect to setup page
2026-05-27 11:33:43 -04:00: [36m2026-05-27T11:33:43-04:00[0m [[38;5;208mAUTH[0m] [36mINFO:[0m Login by username + password. IP=100.87.139.26
2026-05-27 11:33:43 -04:00: [36m2026-05-27T11:33:43-04:00[0m [[38;5;130mRATE-LIMIT[0m] [36mINFO:[0m remaining requests: 19
2026-05-27 11:33:44 -04:00: [36m2026-05-27T11:33:44-04:00[0m [[38;5;208mAUTH[0m] [36mINFO:[0m Successfully logged in user itsjuggalo. IP=100.87.139.26
2026-05-27 11:40:06 -04:00: [36m2026-05-27T11:40:06-04:00[0m [[32mSERVER[0m] [36mINFO:[0m Shutdown requested
2026-05-27 11:40:06 -04:00: [36m2026-05-27T11:40:06-04:00[0m [[32mSERVER[0m] [36mINFO:[0m Called signal: SIGINT
2026-05-27 11:40:06 -04:00: [36m2026-05-27T11:40:06-04:00[0m [[32mSERVER[0m] [36mINFO:[0m Stopping all monitors
2026-05-27 11:40:08 -04:00: Welcome to Uptime Kuma
2026-05-27 11:40:08 -04:00: Your Node.js version: 22.22.3
2026-05-27 11:40:08 -04:00: [36m2026-05-27T11:40:08-04:00[0m [[32mSERVER[0m] [36mINFO:[0m Env: production
2026-05-27 11:40:09 -04:00: [36m2026-05-27T11:40:09-04:00[0m [[32mSERVER[0m] [36mINFO:[0m Uptime Kuma Version: 2.3.2
2026-05-27 11:40:09 -04:00: [36m2026-05-27T11:40:09-04:00[0m [[32mSERVER[0m] [36mINFO:[0m Loading modules
2026-05-27 11:40:12 -04:00: [36m2026-05-27T11:40:12-04:00[0m [[32mSERVER[0m] [36mINFO:[0m Creating express and socket.io instance
2026-05-27 11:40:12 -04:00: [36m2026-05-27T11:40:12-04:00[0m [[32mSERVER[0m] [36mINFO:[0m Server Type: HTTP
2026-05-27 11:40:12 -04:00: [36m2026-05-27T11:40:12-04:00[0m [[32mSERVER[0m] [36mINFO:[0m Data Dir: /home/itsju/uptime-kuma/data
2026-05-27 11:40:12 -04:00: [36m2026-05-27T11:40:12-04:00[0m [[38;5;117mDB[0m] [36mINFO:[0m Database Type: sqlite
2026-05-27 11:40:12 -04:00: [36m2026-05-27T11:40:12-04:00[0m [[38;5;117mDB[0m] [36mINFO:[0m Using single connection for SQLite
2026-05-27 11:40:12 -04:00: [36m2026-05-27T11:40:12-04:00[0m [[32mSERVER[0m] [36mINFO:[0m Connected to the database
2026-05-27 11:40:12 -04:00: [36m2026-05-27T11:40:12-04:00[0m [[32mSERVER[0m] [36mINFO:[0m Listening on:
2026-05-27 11:40:12 -04:00: [36m2026-05-27T11:40:12-04:00[0m [[32mSERVER[0m] [36mINFO:[0m -  http://localhost:3011
2026-05-27 11:40:12 -04:00: [36m2026-05-27T11:40:12-04:00[0m [[32mSERVER[0m] [36mINFO:[0m -  http://100.91.39.122:3011
2026-05-27 11:40:12 -04:00: [36m2026-05-27T11:40:12-04:00[0m [[32mSERVER[0m] [36mINFO:[0m -  http://172.17.78.231:3011
2026-05-27 11:40:12 -04:00: [36m2026-05-27T11:40:12-04:00[0m [[32mSERVER[0m] [36mINFO:[0m -  http://[fd7a:115c:a1e0::c39:277a]:3011
2026-05-27 11:40:12 -04:00: [36m2026-05-27T11:40:12-04:00[0m [[32mSERVER[0m] [36mINFO:[0m -  http://[fe80::215:5dff:fe62:4e28]:3011
2026-05-27 11:40:12 -04:00: [36m2026-05-27T11:40:12-04:00[0m [[32mSERVER[0m] [36mINFO:[0m -  http://[fe80::e07c:ed06:87:f635]:3011
2026-05-27 11:40:12 -04:00: [36m2026-05-27T11:40:12-04:00[0m [[38;5;141mSOCKET[0m] [36mINFO:[0m New polling connection, IP = 100.87.139.26
2026-05-27 11:40:12 -04:00: [36m2026-05-27T11:40:12-04:00[0m [[38;5;208mAUTH[0m] [36mINFO:[0m Login by token. IP=100.87.139.26
2026-05-27 11:40:12 -04:00: [36m2026-05-27T11:40:12-04:00[0m [[38;5;208mAUTH[0m] [36mINFO:[0m Username from JWT: itsjuggalo
2026-05-27 11:40:13 -04:00: [36m2026-05-27T11:40:13-04:00[0m [[38;5;141mSOCKET[0m] [36mINFO:[0m New polling connection, IP = 100.87.139.26
2026-05-27 11:40:13 -04:00: [36m2026-05-27T11:40:13-04:00[0m [[38;5;208mAUTH[0m] [36mINFO:[0m Successfully logged in user itsjuggalo. IP=100.87.139.26
2026-05-27 11:40:13 -04:00: [36m2026-05-27T11:40:13-04:00[0m [[38;5;208mAUTH[0m] [36mINFO:[0m Login by token. IP=100.87.139.26
2026-05-27 11:40:13 -04:00: [36m2026-05-27T11:40:13-04:00[0m [[38;5;208mAUTH[0m] [36mINFO:[0m Username from JWT: itsjuggalo
2026-05-27 11:40:13 -04:00: [36m2026-05-27T11:40:13-04:00[0m [[38;5;208mAUTH[0m] [36mINFO:[0m Successfully logged in user itsjuggalo. IP=100.87.139.26
2026-05-27 11:45:20 -04:00: [36m2026-05-27T11:45:20-04:00[0m [[32mSERVER[0m] [36mINFO:[0m Shutdown requested
2026-05-27 11:45:20 -04:00: [36m2026-05-27T11:45:20-04:00[0m [[32mSERVER[0m] [36mINFO:[0m Called signal: SIGINT
2026-05-27 11:45:20 -04:00: [36m2026-05-27T11:45:20-04:00[0m [[32mSERVER[0m] [36mINFO:[0m Stopping all monitors
2026-05-27 11:45:21 -04:00: Welcome to Uptime Kuma
2026-05-27 11:45:21 -04:00: Your Node.js version: 22.22.3
2026-05-27 11:45:21 -04:00: [36m2026-05-27T11:45:21-04:00[0m [[32mSERVER[0m] [36mINFO:[0m Env: production
2026-05-27 11:45:22 -04:00: [36m2026-05-27T11:45:22-04:00[0m [[32mSERVER[0m] [36mINFO:[0m Uptime Kuma Version: 2.3.2
2026-05-27 11:45:22 -04:00: [36m2026-05-27T11:45:22-04:00[0m [[32mSERVER[0m] [36mINFO:[0m Loading modules
2026-05-27 11:45:24 -04:00: [36m2026-05-27T11:45:24-04:00[0m [[32mSERVER[0m] [36mINFO:[0m Creating express and socket.io instance
2026-05-27 11:45:24 -04:00: [36m2026-05-27T11:45:24-04:00[0m [[32mSERVER[0m] [36mINFO:[0m Server Type: HTTP
2026-05-27 11:45:24 -04:00: [36m2026-05-27T11:45:24-04:00[0m [[32mSERVER[0m] [36mINFO:[0m Data Dir: /home/itsju/uptime-kuma/data
2026-05-27 11:45:24 -04:00: [36m2026-05-27T11:45:24-04:00[0m [[38;5;117mDB[0m] [36mINFO:[0m Database Type: sqlite
2026-05-27 11:45:24 -04:00: [36m2026-05-27T11:45:24-04:00[0m [[38;5;117mDB[0m] [36mINFO:[0m Using single connection for SQLite
2026-05-27 11:45:24 -04:00: [36m2026-05-27T11:45:24-04:00[0m [[32mSERVER[0m] [36mINFO:[0m Connected to the database
2026-05-27 11:45:24 -04:00: [36m2026-05-27T11:45:24-04:00[0m [[32mSERVER[0m] [36mINFO:[0m Listening on:
2026-05-27 11:45:24 -04:00: [36m2026-05-27T11:45:24-04:00[0m [[32mSERVER[0m] [36mINFO:[0m -  http://localhost:3011
2026-05-27 11:45:24 -04:00: [36m2026-05-27T11:45:24-04:00[0m [[32mSERVER[0m] [36mINFO:[0m -  http://100.91.39.122:3011
2026-05-27 11:45:24 -04:00: [36m2026-05-27T11:45:24-04:00[0m [[32mSERVER[0m] [36mINFO:[0m -  http://172.17.78.231:3011
2026-05-27 11:45:24 -04:00: [36m2026-05-27T11:45:24-04:00[0m [[32mSERVER[0m] [36mINFO:[0m -  http://[fd7a:115c:a1e0::c39:277a]:3011
2026-05-27 11:45:24 -04:00: [36m2026-05-27T11:45:24-04:00[0m [[32mSERVER[0m] [36mINFO:[0m -  http://[fe80::215:5dff:fe62:4e28]:3011
2026-05-27 11:45:24 -04:00: [36m2026-05-27T11:45:24-04:00[0m [[32mSERVER[0m] [36mINFO:[0m -  http://[fe80::e07c:ed06:87:f635]:3011
2026-05-27 11:45:26 -04:00: [36m2026-05-27T11:45:26-04:00[0m [[38;5;141mSOCKET[0m] [36mINFO:[0m New polling connection, IP = 100.87.139.26
2026-05-27 11:45:26 -04:00: [36m2026-05-27T11:45:26-04:00[0m [[38;5;208mAUTH[0m] [36mINFO:[0m Login by token. IP=100.87.139.26
2026-05-27 11:45:26 -04:00: [36m2026-05-27T11:45:26-04:00[0m [[38;5;208mAUTH[0m] [36mINFO:[0m Username from JWT: itsjuggalo
2026-05-27 11:45:26 -04:00: [36m2026-05-27T11:45:26-04:00[0m [[38;5;208mAUTH[0m] [36mINFO:[0m Successfully logged in user itsjuggalo. IP=100.87.139.26
2026-05-27 11:45:26 -04:00: [36m2026-05-27T11:45:26-04:00[0m [[38;5;141mSOCKET[0m] [36mINFO:[0m New polling connection, IP = 100.87.139.26
2026-05-27 11:45:27 -04:00: [36m2026-05-27T11:45:27-04:00[0m [[38;5;208mAUTH[0m] [36mINFO:[0m Login by token. IP=100.87.139.26
2026-05-27 11:45:27 -04:00: [36m2026-05-27T11:45:27-04:00[0m [[38;5;208mAUTH[0m] [36mINFO:[0m Username from JWT: itsjuggalo
2026-05-27 11:45:27 -04:00: [36m2026-05-27T11:45:27-04:00[0m [[38;5;208mAUTH[0m] [36mINFO:[0m Successfully logged in user itsjuggalo. IP=100.87.139.26
2026-05-27 13:46:11 -04:00: [36m2026-05-27T13:46:11-04:00[0m [[38;5;119mMONITOR[0m] [36mINFO:[0m Try to restart the monitor
2026-05-27 13:46:11 -04:00: [36m2026-05-27T13:46:11-04:00[0m [[38;5;119mMONITOR[0m] [36mINFO:[0m Try to restart the monitor
2026-05-27 14:41:40 -04:00: [36m2026-05-27T14:41:33-04:00[0m [[38;5;119mMONITOR[0m] [36mINFO:[0m Try to restart the monitor
2026-05-27 16:33:51 -04:00: Welcome to Uptime Kuma
2026-05-27 16:33:51 -04:00: Your Node.js version: 22.22.3
2026-05-27 16:33:51 -04:00: [36m2026-05-27T16:33:51-04:00[0m [[32mSERVER[0m] [36mINFO:[0m Env: production
2026-05-27 16:33:51 -04:00: [36m2026-05-27T16:33:51-04:00[0m [[32mSERVER[0m] [36mINFO:[0m Uptime Kuma Version: 2.3.2
2026-05-27 16:33:51 -04:00: [36m2026-05-27T16:33:51-04:00[0m [[32mSERVER[0m] [36mINFO:[0m Loading modules
2026-05-27 16:33:54 -04:00: [36m2026-05-27T16:33:54-04:00[0m [[32mSERVER[0m] [36mINFO:[0m Creating express and socket.io instance
2026-05-27 16:33:54 -04:00: [36m2026-05-27T16:33:54-04:00[0m [[32mSERVER[0m] [36mINFO:[0m Server Type: HTTP
2026-05-27 16:33:54 -04:00: [36m2026-05-27T16:33:54-04:00[0m [[32mSERVER[0m] [36mINFO:[0m Data Dir: /home/itsju/uptime-kuma/data
2026-05-27 16:33:54 -04:00: [36m2026-05-27T16:33:54-04:00[0m [[38;5;117mDB[0m] [36mINFO:[0m Database Type: sqlite
2026-05-27 16:33:54 -04:00: [36m2026-05-27T16:33:54-04:00[0m [[38;5;117mDB[0m] [36mINFO:[0m Using single connection for SQLite
2026-05-27 16:33:54 -04:00: [36m2026-05-27T16:33:54-04:00[0m [[32mSERVER[0m] [36mINFO:[0m Connected to the database
2026-05-27 16:33:54 -04:00: [36m2026-05-27T16:33:54-04:00[0m [[32mSERVER[0m] [36mINFO:[0m Listening on:
2026-05-27 16:33:54 -04:00: [36m2026-05-27T16:33:54-04:00[0m [[32mSERVER[0m] [36mINFO:[0m -  http://localhost:3011
2026-05-27 16:33:54 -04:00: [36m2026-05-27T16:33:54-04:00[0m [[32mSERVER[0m] [36mINFO:[0m -  http://100.91.39.122:3011
2026-05-27 16:33:54 -04:00: [36m2026-05-27T16:33:54-04:00[0m [[32mSERVER[0m] [36mINFO:[0m -  http://172.17.78.231:3011
2026-05-27 16:33:54 -04:00: [36m2026-05-27T16:33:54-04:00[0m [[32mSERVER[0m] [36mINFO:[0m -  http://[fd7a:115c:a1e0::c39:277a]:3011
2026-05-27 16:33:54 -04:00: [36m2026-05-27T16:33:54-04:00[0m [[32mSERVER[0m] [36mINFO:[0m -  http://[fe80::215:5dff:fe19:7294]:3011
2026-05-27 16:33:54 -04:00: [36m2026-05-27T16:33:54-04:00[0m [[32mSERVER[0m] [36mINFO:[0m -  http://[fe80::d997:a4f2:7e76:3dbd]:3011
2026-05-27 17:51:43 -04:00: [36m2026-05-27T17:51:43-04:00[0m [[32mSERVER[0m] [36mINFO:[0m Shutdown requested
2026-05-27 17:51:43 -04:00: [36m2026-05-27T17:51:43-04:00[0m [[32mSERVER[0m] [36mINFO:[0m Called signal: SIGINT
2026-05-27 17:51:43 -04:00: [36m2026-05-27T17:51:43-04:00[0m [[32mSERVER[0m] [36mINFO:[0m Stopping all monitors
2026-05-27 17:51:44 -04:00: Welcome to Uptime Kuma
2026-05-27 17:51:44 -04:00: Your Node.js version: 22.22.3
2026-05-27 17:51:44 -04:00: [36m2026-05-27T17:51:44-04:00[0m [[32mSERVER[0m] [36mINFO:[0m Env: production
2026-05-27 17:51:45 -04:00: [36m2026-05-27T17:51:45-04:00[0m [[32mSERVER[0m] [36mINFO:[0m Uptime Kuma Version: 2.3.2
2026-05-27 17:51:45 -04:00: [36m2026-05-27T17:51:45-04:00[0m [[32mSERVER[0m] [36mINFO:[0m Loading modules
2026-05-27 17:51:46 -04:00: [36m2026-05-27T17:51:46-04:00[0m [[32mSERVER[0m] [36mINFO:[0m Creating express and socket.io instance
2026-05-27 17:51:46 -04:00: [36m2026-05-27T17:51:46-04:00[0m [[32mSERVER[0m] [36mINFO:[0m Server Type: HTTP
2026-05-27 17:51:46 -04:00: [36m2026-05-27T17:51:46-04:00[0m [[32mSERVER[0m] [36mINFO:[0m Data Dir: /home/itsju/uptime-kuma/data
2026-05-27 17:51:46 -04:00: [36m2026-05-27T17:51:46-04:00[0m [[38;5;117mDB[0m] [36mINFO:[0m Database Type: sqlite
2026-05-27 17:51:46 -04:00: [36m2026-05-27T17:51:46-04:00[0m [[38;5;117mDB[0m] [36mINFO:[0m Using single connection for SQLite
2026-05-27 17:51:46 -04:00: [36m2026-05-27T17:51:46-04:00[0m [[32mSERVER[0m] [36mINFO:[0m Connected to the database
2026-05-27 17:51:46 -04:00: [36m2026-05-27T17:51:46-04:00[0m [[32mSERVER[0m] [36mINFO:[0m Listening on:
2026-05-27 17:51:46 -04:00: [36m2026-05-27T17:51:46-04:00[0m [[32mSERVER[0m] [36mINFO:[0m -  http://localhost:3011
2026-05-27 17:51:46 -04:00: [36m2026-05-27T17:51:46-04:00[0m [[32mSERVER[0m] [36mINFO:[0m -  http://100.91.39.122:3011
2026-05-27 17:51:46 -04:00: [36m2026-05-27T17:51:46-04:00[0m [[32mSERVER[0m] [36mINFO:[0m -  http://172.17.78.231:3011
2026-05-27 17:51:46 -04:00: [36m2026-05-27T17:51:46-04:00[0m [[32mSERVER[0m] [36mINFO:[0m -  http://[fd7a:115c:a1e0::c39:277a]:3011
2026-05-27 17:51:46 -04:00: [36m2026-05-27T17:51:46-04:00[0m [[32mSERVER[0m] [36mINFO:[0m -  http://[fe80::215:5dff:fe19:7294]:3011
2026-05-27 17:51:46 -04:00: [36m2026-05-27T17:51:46-04:00[0m [[32mSERVER[0m] [36mINFO:[0m -  http://[fe80::d997:a4f2:7e76:3dbd]:3011
