[2026-06-26 07:00 ET] [kronos-preflight] ===== Kronos pre-flight starting =====
[2026-06-26 07:00 ET] [kronos-preflight] HF_HOME OK: /home/itsju/.cache/huggingface
[2026-06-26 07:00 ET] [kronos-preflight] C: drive OK: 33GB free (97% used)
[2026-06-26 07:00 ET] [kronos-preflight] WSL ext4 OK: 731GB free
[2026-06-26 07:00 ET] [kronos-preflight] HF cache: hub=1754MB datasets=0MB total=1754MB
[2026-06-26 07:00 ET] [kronos-preflight] nvidia-smi not available — skipping VRAM check
[2026-06-26 07:00 ET] [kronos-preflight] ===== Pre-flight PASSED — Kronos training authorized =====
[2026-06-26T11:00:02Z] ===== kronos_train_daily starting =====
[2026-06-26T11:00:02Z] ===== kronos_train_daily starting =====
[2026-06-26T11:00:02Z] Fetching fresh Alpaca bars...
[2026-06-26T11:00:02Z] Fetching fresh Alpaca bars...
  Fetching NVDA (730d hourly)...
  ERROR NVDA: HTTPSConnectionPool(host='data.alpaca.markets', port=443): Max retries exceeded with url: /v2/stocks/NVDA/bars?timeframe=1Hour&start=2024-06-26T11%3A00%3A02Z&end=2026-06-26T11%3A00%3A02Z&limit=10000&adjustment=raw&feed=iex (Caused by ConnectTimeoutError(<HTTPSConnection(host='data.alpaca.markets', port=443) at 0x775887f042f0>, 'Connection to data.alpaca.markets timed out. (connect timeout=20)'))
  Fetching TSLA (730d hourly)...
  ERROR TSLA: HTTPSConnectionPool(host='data.alpaca.markets', port=443): Max retries exceeded with url: /v2/stocks/TSLA/bars?timeframe=1Hour&start=2024-06-26T11%3A00%3A22Z&end=2026-06-26T11%3A00%3A22Z&limit=10000&adjustment=raw&feed=iex (Caused by ConnectTimeoutError(<HTTPSConnection(host='data.alpaca.markets', port=443) at 0x77588c1260d0>, 'Connection to data.alpaca.markets timed out. (connect timeout=20)'))
  Fetching SPY (730d hourly)...
  ERROR SPY: HTTPSConnectionPool(host='data.alpaca.markets', port=443): Max retries exceeded with url: /v2/stocks/SPY/bars?timeframe=1Hour&start=2024-06-26T11%3A00%3A43Z&end=2026-06-26T11%3A00%3A43Z&limit=10000&adjustment=raw&feed=iex (Caused by ConnectTimeoutError(<HTTPSConnection(host='data.alpaca.markets', port=443) at 0x77588c126990>, 'Connection to data.alpaca.markets timed out. (connect timeout=20)'))
  Fetching QQQ (730d hourly)...
  ERROR QQQ: HTTPSConnectionPool(host='data.alpaca.markets', port=443): Max retries exceeded with url: /v2/stocks/QQQ/bars?timeframe=1Hour&start=2024-06-26T11%3A01%3A03Z&end=2026-06-26T11%3A01%3A03Z&limit=10000&adjustment=raw&feed=iex (Caused by ConnectTimeoutError(<HTTPSConnection(host='data.alpaca.markets', port=443) at 0x77588c126c10>, 'Connection to data.alpaca.markets timed out. (connect timeout=20)'))
  Fetching AAPL (730d hourly)...
  ERROR AAPL: HTTPSConnectionPool(host='data.alpaca.markets', port=443): Max retries exceeded with url: /v2/stocks/AAPL/bars?timeframe=1Hour&start=2024-06-26T11%3A01%3A23Z&end=2026-06-26T11%3A01%3A23Z&limit=10000&adjustment=raw&feed=iex (Caused by ConnectTimeoutError(<HTTPSConnection(host='data.alpaca.markets', port=443) at 0x77588c126e90>, 'Connection to data.alpaca.markets timed out. (connect timeout=20)'))
  Fetching MSFT (730d hourly)...
  ERROR MSFT: HTTPSConnectionPool(host='data.alpaca.markets', port=443): Max retries exceeded with url: /v2/stocks/MSFT/bars?timeframe=1Hour&start=2024-06-26T11%3A01%3A43Z&end=2026-06-26T11%3A01%3A43Z&limit=10000&adjustment=raw&feed=iex (Caused by ConnectTimeoutError(<HTTPSConnection(host='data.alpaca.markets', port=443) at 0x77588c127110>, 'Connection to data.alpaca.markets timed out. (connect timeout=20)'))
  Fetching AMD (730d hourly)...
  ERROR AMD: HTTPSConnectionPool(host='data.alpaca.markets', port=443): Max retries exceeded with url: /v2/stocks/AMD/bars?timeframe=1Hour&start=2024-06-26T11%3A02%3A03Z&end=2026-06-26T11%3A02%3A03Z&limit=10000&adjustment=raw&feed=iex (Caused by ConnectTimeoutError(<HTTPSConnection(host='data.alpaca.markets', port=443) at 0x77588c127390>, 'Connection to data.alpaca.markets timed out. (connect timeout=20)'))
  Fetching SMCI (730d hourly)...
  ERROR SMCI: HTTPSConnectionPool(host='data.alpaca.markets', port=443): Max retries exceeded with url: /v2/stocks/SMCI/bars?timeframe=1Hour&start=2024-06-26T11%3A02%3A23Z&end=2026-06-26T11%3A02%3A23Z&limit=10000&adjustment=raw&feed=iex (Caused by ConnectTimeoutError(<HTTPSConnection(host='data.alpaca.markets', port=443) at 0x77588c127610>, 'Connection to data.alpaca.markets timed out. (connect timeout=20)'))
  Fetching META (730d hourly)...
  ERROR META: HTTPSConnectionPool(host='data.alpaca.markets', port=443): Max retries exceeded with url: /v2/stocks/META/bars?timeframe=1Hour&start=2024-06-26T11%3A02%3A43Z&end=2026-06-26T11%3A02%3A43Z&limit=10000&adjustment=raw&feed=iex (Caused by ConnectTimeoutError(<HTTPSConnection(host='data.alpaca.markets', port=443) at 0x77588c127890>, 'Connection to data.alpaca.markets timed out. (connect timeout=20)'))
  Fetching MU (730d hourly)...
  ERROR MU: HTTPSConnectionPool(host='data.alpaca.markets', port=443): Max retries exceeded with url: /v2/stocks/MU/bars?timeframe=1Hour&start=2024-06-26T11%3A03%3A03Z&end=2026-06-26T11%3A03%3A03Z&limit=10000&adjustment=raw&feed=iex&page_token=TVV8TXwxNzI5NjkwMjAwMDAwMDAwMDAw (Caused by ConnectTimeoutError(<HTTPSConnection(host='data.alpaca.markets', port=443) at 0x77588c127d90>, 'Connection to data.alpaca.markets timed out. (connect timeout=20)'))
  Fetching AMZN (730d hourly)...
  ERROR AMZN: HTTPSConnectionPool(host='data.alpaca.markets', port=443): Max retries exceeded with url: /v2/stocks/AMZN/bars?timeframe=1Hour&start=2024-06-26T11%3A03%3A56Z&end=2026-06-26T11%3A03%3A56Z&limit=10000&adjustment=raw&feed=iex (Caused by ConnectTimeoutError(<HTTPSConnection(host='data.alpaca.markets', port=443) at 0x775887f6c190>, 'Connection to data.alpaca.markets timed out. (connect timeout=20)'))
  Fetching GOOGL (730d hourly)...
